m03_22gc0109_bus_real initial wall street enthusiasm has surprised even privatization advocates
m03_22gc010a_str_real the first sales are expected to go to market sometime this summer
m03_22gc010b_bus_real the offering will comprise seven hundred sixty seven million dollars of bonds due november second and six hundred thirty eight million dollars of bonds maturing next february first
m03_22gc010c_caf_real all the bonds will be dated next monday
m03_22gc010d_ped_real interest rates will be announced wednesday
m03_22gc010e_ped_real the central banks have little chance to protect themselves from the dollar's fall
m03_22gc010f_caf_real when possible they try to reduce their u. s. currency portfolios by selling dollars back into calmer markets
m03_22gc010g_caf_real traders say the bundesbank did this when the dollar strengthened in late july and early august
m03_22gc010h_caf_real the boston property was fully occupied a broker close to the building said
m03_22gc010i_ped_real it was a done deal
m03_22gc010j_caf_real all of a sudden they came back and said we aren't buying at this yield
m03_22gc010k_bus_real i said give me a price and they said no
m03_22gc010m_bus_real the company said the three groups will operate as a unit
m03_22gc010m_str_real the company said the three groups will operate as a unit
m03_22gc010n_caf_real it said it put three key executives in charge of the groups to focus efforts on increasing sales productivity in the u. s.
m03_22gc010n_ped_real it said it put three key executives in charge of the groups to focus efforts on increasing sales productivity in the u. s.
m03_22gc010o_caf_real there are two issues to consider
m03_22gc010p_bus_real first what was admiral poindexter's belief about the president's policy of helping the nicaraguan democratic resistance
m03_22gc010q_caf_real second did admiral poindexter believe what he and colonel north were doing was legal
m03_22gc010r_caf_real certain prices have risen at a brisk pace throughout this decade
m03_22gc010s_bus_real health care inflation for instance hasn't dropped below six percent annually and the cost of education has risen even faster
m03_22gc010t_caf_real but until recently inflation in health education and other services was offset by flat or falling prices for many manufactured goods and farm commodities
m03_22gc010u_caf_real the decline in the dollar and the continued strength in the economy however are now adding demand and causing those prices to rise too
m03_22gc010v_caf_real the logic apparently is that we'll have to raise our rates to defend the dollar said peter canelo a portfolio strategist at bear stearns
m03_22gc010w_ped_real but he said that would only be true if the dollar were weak
m03_22gc010x_str_real since the u. s. currency has strengthened sharply in recent weeks he sees no need for the federal reserve to raise interest rates to protect the dollar
m03_22gc010y_bus_real many institutional players confess to holding more cash than usual
m03_22gc010y_str_real many institutional players confess to holding more cash than usual
m03_22gc0111_str_real yields on long term bonds after dropping as low as seven point eight three percent early last week are back up above eight percent
m03_22gc0112_caf_real the discount rate on the three month treasury bill fell as low as seven point six four percent but was quoted late friday at seven point eight six percent
m03_22gc0113_bus_real rates are expected to remain at those levels or move a little higher this week at the treasury department's quarterly auction
m03_22gc0114_caf_real the government is expected to sell about twenty nine point five billion dollars of new notes and bonds starting tomorrow
m03_22hc0101_caf_real centerior energy corporation cleveland said it began a public offering of four million common shares at twenty three point one two five dollars a share
m03_22hc0102_caf_real morgan stanley and company is lead underwriter
m03_22hc0103_bus_real proceeds will be used to finance the electric utility's construction program and for general purposes
m03_22hc0104_caf_real in new york stock exchange composite trading friday the company's stock closed at twenty three point one two five dollars unchanged
m03_22hc0105_str_real the following officers directors and large stockholders of companies reported changes in holdings under the securities exchange act of nineteen thirty four
m03_22hc0106_str_real those identified as beneficial owners hold at least ten percent of a company's equity securities
m03_22hc0107_str_real unless otherwise noted changes involved direct holdings of common stock and took place in october and november of nineteen eighty seven
m03_22hc0108_ped_real companies are listed where transactions generally aggregate ten thousand shares or one hundred thousand dollars
m03_22hc0109_ped_real the panel made several other recommendations concerning program trading including consolidating regulatory authority over all u. s. financial markets under one government agency
m03_22hc010a_bus_real it also proposed raising margin and capital requirements for trading on the futures exchanges
m03_22hc010b_bus_real and it said traders should be able to deliver actual stocks to settle futures contract obligations stock index futures currently are settled in cash upon expiration
m03_22hc010c_ped_real traders said the reason behind the first hour focus is the action in the dollar
m03_22hc010c_str_real traders said the reason behind the first hour focus is the action in the dollar
m03_22hc010e_bus_real yesterday the dollar eased slightly against most major foreign currencies cheering some stock market players with its relative stability
m03_22hc010e_ped_real yesterday the dollar eased slightly against most major foreign currencies cheering some stock market players with its relative stability
m03_22hc010f_bus_real consumer spending surged zero point seven percent in june led by a jump in auto sales
m03_22hc010g_caf_real despite the unexpected strength economists say spending will slow soon due to sluggish income growth rising prices and high consumer debt
m03_22hc010h_str_real income rose zero point four percent last month
m03_22hc010i_bus_real as previously reported thompson has a tender offer outstanding to buy thirty one point five million southland common shares for seventy seven dollars a share
m03_22hc010j_bus_real the offer expires friday
m03_22hc010k_bus_real common shares that aren't purchased will be exchanged for the combination of new preferred and cash
m03_22hc010l_ped_real the five permanent members are the u. s. britain france china and the soviet union
m03_22hc010m_str_real u. s. analysts aren't certain whether the soviets and china will support the embargo resolution
m03_22hc010n_ped_real china has been a principal arms supplier for iran
m03_22hc010o_caf_real robert farrell director of technical analysis at merrill lynch takes dow theory into consideration when studying the market but it's not his sole forecasting tool
m03_22hc010p_str_real he points out that since the october nineteenth plunge the dow jones transportation average has dropped below the low it posted during the crash
m03_22hc010q_str_real it has since rebounded to seven hundred forty five point five seven where it closed friday losing four point five seven points in the session
m03_22hc010r_ped_real he began fearing a possible dividend cut
m03_22hc010s_caf_real the stock price sank
m03_22hc010t_ped_real worst of all he says somebody might have bought the company with the intention of breaking it up
m03_22hc010u_ped_real the nikkei index added eight point oh six points to finish at twenty eight thousand two hundred nine point four two
m03_22hc010v_str_real volume rose to an estimated one billion shares from an estimated seven hundred fifty million shares on thursday
m03_22hc010w_str_real there were four hundred eighty two declining issues three hundred forty nine advancing and one hundred ninety eight unchanged
m03_22hc010x_str_real we could distribute the bonds in japan in europe in the u. k. but not in the u. s. mr. labrecque said
m03_22hc010y_caf_real these powers are important to us
m03_22hc010y_ped_real these powers are important to us
m03_22hc010z_bus_real our customers want them
m03_22hc010z_str_real our customers want them
m03_22hc0111_str_real that's not to say he is looking for a rebound in the next couple of weeks or even months
m03_22hc0112_ped_real the thing that motivates wall street is short term earnings results and they're not just there he says
m03_22hc0113_caf_real and we can't tell you when they're going to be there
m03_22hc0114_ped_real it might be a year or more before we get paid
m03_420c0201_bus_real few observers are optimistic about the court's other problems
m03_420c0202_caf_real according to the administrative offices of the u. s. courts only half of the fifty bankruptcy judges whose terms expire by nineteen eighty eight will return
m03_420c0203_caf_real the agency also predicts that the number of bankruptcy filings will rise seventeen percent in the year ending september thirtieth nineteen eighty seven
m03_420c0204_caf_real expenses from the delayed nine mile point two nuclear plant accounted for two hundred sixty nine million dollars of the write off
m03_420c0205_bus_real regulators aren't allowing the utility an eighteen percent owner in the project to pass that along to customers
m03_420c0206_ped_real the four other utility company owners will also have to take write offs
m03_420c0207_bus_real but those charges aren't required to be made until the nineteen eighty eight first quarter or under certain circumstances even later
m03_420c0208_caf_real last month overall goods producing employment fell sixty eight thousand after a thirty two thousand job rise in february
m03_420c020a_bus_real construction employment fell forty seven thousand after a fifteen thousand job decline the month before
m03_420c020a_str_real construction employment fell forty seven thousand after a fifteen thousand job decline the month before
m03_420c020b_ped_real mining employment which includes the oil and gas extraction industry rose three thousand after a one thousand job rise
m03_420c020c_ped_real international mobile machines corporation sold one million shares of two dollar and fifty cent cumulative preferred at twenty five dollars each
m03_420c020d_str_real drexel burnham lambert incorporated was lead underwriter
m03_420c020e_ped_real stock is convertible at any time into common at an initial price of twelve dollars a share subject to adjustment december fifteenth nineteen eighty eight
m03_420c020f_str_real proceeds will be used for product development working capital and general purposes
m03_420c020g_caf_real the philadelphia based concern develops and designs advanced telecommunications systems
m03_420c020h_caf_real in over the counter trading friday the company's common closed at ten dollars and twenty five cents a share down fifty cents
m03_420c020k_str_real most european traders were reportedly staying out of action until the trade figures are released
m03_420c020l_ped_real a drop in oil prices could also provide some price relief as it did in nineteen eighty six
m03_420c020m_str_real the recent failure of the organization of petroleum exporting countries to reach an agreement limiting production suggests prices might fall some
m03_420c020n_bus_real but any dip in inflation associated with oil prices is likely to be temporary
m03_420c020o_caf_real but some operators said n. b. c. may run into problems
m03_420c020p_ped_real for one thing there is currently a shortage of channel capacity at many cable systems
m03_420c020q_bus_real also cable operators already are signing up for another proposed new cable network turner broadcasting system incorporated's t. n. t. scheduled for an october third launch
m03_420c020r_bus_real this time around wall street firms argued that program trading has its uses and is misunderstood
m03_420c020s_bus_real we believe program trading is important as a source of liquidity morgan stanley said
m03_420c020t_caf_real and a merrill lynch spokesman said all of his firm's program trading simply reflects requests from customers for such trading
m03_420c020u_str_real the minneapolis minnesota based company said the offering will begin in september but it hasn't set a record date or price
m03_420c020v_bus_real a spokesman said the company expects to more than double its shares outstanding to about nineteen point two million from eight point two million as a result of the offering
m03_420c020w_ped_real pattern processing makes machine vision systems for use in automated inspections
m03_420c020x_caf_real in over the counter trading friday it was quoted at twenty five cents a share bid
m03_420c020y_ped_real this retailer said it offered for sale two hundred million dollars in notes due august first nineteen ninety six
m03_420c020z_ped_real dean witter reynolds incorporated goldman sachs and company and morgan stanley and company are handling the sale
m03_420c0210_bus_real proceeds will be added to sears's general funds to reduce its short term borrowings
m03_420c0211_bus_real proceeds also may be used eventually to buy back common shares the company said
m03_420c0212_caf_real sears has approved the buy back of as many as forty million of its common shares outstanding
m03_420c0213_bus_real as of june thirtieth sears had three hundred forty five point eight million shares outstanding
m03_420c0214_caf_real the notes will bear interest at eight point five five percent payable february first and august first of each year beginning february first nineteen ninety
m03_421c0201_str_real underwriters led by merrill lynch capital markets tentatively priced a proposed one hundred ninety six point seven million dollar offering of mortgage revenue bonds by the california housing finance agency
m03_421c0202_str_real the offering includes zero coupon bonds called capital appreciation bonds
m03_421c0203_caf_real yields range from four point eight percent in nineteen ninety to seven point two percent on zero coupon bonds due in two thousand two
m03_421c0205_bus_real at least in the u. s. they were
m03_421c0208_ped_real few people predict a dividend cut at g. m. however
m03_421c0209_ped_real one investment officer says mr. smith was asked last week what it would take to cut the dividend
m03_421c020a_bus_real it would take a new chairman the executive is said to have replied
m03_421c020b_caf_real separately shell oil company's net income rose twenty one percent
m03_421c020c_str_real occidental petroleum corporation reported a twenty three percent profit jump though the company would have had a loss without a one time item
m03_421c020d_str_real phillips petroleum corporation's profit meanwhile plunged sixty three percent amid weak natural gas prices
m03_421c020e_bus_real and pennzoil company's net income tumbled seventy one percent largely from a one time charge
m03_421c020f_caf_real stocks rebounded sharply pushing the dow jones industrials up a record seventy five point two three points to two thousand five hundred sixty eight point oh five
m03_421c020g_str_real the rally fueled by a stronger dollar and bond market snapped a five day decline in which the industrials lost over one hundred twenty points
m03_421c020h_ped_real the dollar rose zero point nine percent against the yen while some long term treasury bonds reached the highest level in a week
m03_421c020i_caf_real some local manufacturers have avoided the tight labor market by contracting work to factories in china
m03_421c020j_bus_real manufacturers also are urging the government to ease immigration rules so they can import workers from neighboring countries
m03_421c020k_str_real and many companies are improving equipment
m03_421c020l_caf_real the government predicts spending for plant and machinery will grow twenty five percent this year up from nine point eight percent last year
m03_421c020m_bus_real the financial times thirty share index closed up seven point six points at one thousand three hundred ninety eight point seven
m03_421c020n_bus_real volume was a very modest three hundred fifty two point two million shares down from three hundred sixty six point four million shares a day earlier
m03_421c020o_str_real the one hundred share index was up ten point oh points at one thousand seven hundred forty three point four at the close
m03_421c020p_caf_real all told amoco said it replaced one hundred thirty percent of the reserves that it produced last year recovering from a weak record in nineteen eighty six
m03_421c020q_ped_real exxon corporation said earlier this week that it replaced one hundred fourteen percent of its oil and gas production in nineteen eighty seven
m03_421c020r_str_real texaco incorporated which has had one of the worst records of the big integrated oil companies replaced seventy percent of its production last year
m03_421c020s_str_real although that is up forty six percent in nineteen eighty six texaco's production also fell last year
m03_421c020t_caf_real energy futures prices rose following an explosion at a major u. s. refining plant
m03_421c020u_str_real stocks fell in nervous trading while bonds were narrowly mixed
m03_421c020v_caf_real the dollar strengthened
m03_421c020w_caf_real an issue of ten million common shares of bethlehem steel was priced at nineteen dollars a share through salomon brothers incorporated
m03_421c020x_str_real the offering size was increased from the eight million shares originally planned
m03_421c020y_caf_real in new york stock exchange composite trading yesterday the company's stock rose sixty two point five cents to nineteen point six two five dollars
m03_421c020z_caf_real a citicorp portfolio manager says the unit's new owner could lose quite a few current managers
m03_421c020z_str_real a citicorp portfolio manager says the unit's new owner could lose quite a few current managers
m03_421c0210_caf_real but he offered the opinion that robert wade the unit's chief and half a dozen other senior people will go to the u. s. f. and g.
m03_421c0210_str_real but he offered the opinion that robert wade the unit's chief and half a dozen other senior people will go with u. s. f. and g.
m03_421c0211_ped_real new owners sometimes offer attractive longer term contracts to senior people he said
m03_421c0211_str_real new owners sometimes offer attractive longer term contracts to senior people he said
m03_421c0212_ped_real critics say the federal approach was wrong from the start
m03_421c0213_bus_real the hospital industry is government funded
m03_421c0214_ped_real it should be government regulated says doctor wolfe
m03_422c0201_ped_real the n. a. s. d. released short interest figures for the first time november twenty fifth for all stocks carried on its nasdaq automated quotation system
m03_422c0202_caf_real investors use short interest figures to determine how much short selling is going on in individual stocks
m03_422c0203_caf_real a short sale is a sale of borrowed stock by investors expecting its price to drop
m03_422c0204_str_real the investors expect to profit on the difference between the price realized in the sale and the cost of replacing the borrowed shares
m03_422c0205_str_real the two financial services concerns said they previously agreed to end the agreement if the transaction wasn't completed by march twenty fourth nineteen eighty seven
m03_422c0206_caf_real spokesmen for both companies said they ended the negotiations because it appeared that the merger wouldn't be completed by that date
m03_422c0207_ped_real frontier savings is based in las vegas
m03_422c0208_str_real just before christmas she finally applied for welfare
m03_422c0209_bus_real but she insists i don't want to go on welfare
m03_422c020a_caf_real i'm a good worker
m03_422c020b_str_real i want a job
m03_422c020c_str_real the chief trader in new york for a tokyo based bank agrees
m03_422c020d_bus_real even if japanese investors don't sell dollars somebody else will he says
m03_422c020f_ped_real everything is done mr. levy said yesterday
m03_422c020g_ped_real what is important is we have saved this company and are rebuilding it
m03_422c020h_ped_real for its efforts drexel will get according to western union's proxy statement a twenty five point four million dollar fee
m03_422c020j_bus_real the dollar is still the key said jack p. baker head of block trading at shearson lehman brothers incorporated new york
m03_422c020j_str_real the dollar is still the key said jack p. baker head of block trading at shearson lehman brothers incorporated new york
m03_422c020l_caf_real regional banks appear willing to accept big losses under the mexican debt plan putting pressure on big banks
m03_422c020o_caf_real la z. boy's stock split is payable september fourteenth to stock of record on august nineteenth
m03_422c020p_str_real the company said its quarterly cash dividend of forty cents a share will be paid before the split on september tenth to a stock of record on august nineteenth
m03_422c020q_str_real a company spokesman said that after the split the quarterly dividend will be reduced to ten cents a share continuing the current cash pay out rate
m03_422c020r_caf_real in composite trading on the new york stock exchange yesterday dun closed at fifty one dollars and fifty cents up one dollar and fifty cents
m03_422c020s_ped_real in national over the counter trading information resources closed at twenty one dollars up two point one two five dollars
m03_422c020t_bus_real news of the f. t. c. announcement was made after the close of trading
m03_422c020u_ped_real domestic cars accounted for seventy three point five percent of april auto sales while the import share grew one point five percent to twenty six point five percent
m03_422c020v_ped_real g. m.'s share of the total car market fell to thirty five point six percent from thirty nine point two percent
m03_422c020w_bus_real its decline was apparently split by ford chrysler and honda motor company whose market shares each grew one point one percent
m03_422c020x_caf_real ford's share rose to twenty point eight percent chrysler's to eleven point four percent and honda's to ten point two percent
m03_422c020y_ped_real dofasco hamilton ontario said about three point three million convertible preferred shares about eighty six percent of the total outstanding were tendered
m03_422c020z_bus_real all the shares tendered have an indicated value of about five hundred thirty eight point five million canadian dollars four hundred thirty eight million u. s. dollars
m03_422c0210_bus_real the offers for both classes of stock expired friday
m03_422c0211_ped_real i just felt it was an appropriate time to pursue business ideas of my own mr. saunders said
m03_422c0212_caf_real i'm not going to retire but i'm unlikely to go to any large investment banking firm that rivals morgan stanley
m03_422c0212_ped_real i'm not going to retire but i'm unlikely to go to any large investment banking firm that rivals morgan stanley
m03_422c0213_str_real i prefer not to say anything more than that
m03_422c0214_str_real what can the federal reserve do now
m03_422c0215_caf_real mr. greenspan appears to believe that the best course is to proceed with a cautious move toward ease and to hope for a soft landing
m03_422c0216_ped_real sometime next year he said last week we'll know whether the fed's plan has been successful
m03_423c0201_caf_real for taxpayers the chief advantage of paying by their credit cards would be extra time to pay
m03_423c0202_bus_real payments charged as late as april fifteenth would meet the i. r. s. deadline
m03_423c0203_ped_real but consumers generally would have another month until credit card bills came due and considerably more time if they were willing to pay interest
m03_423c0204_caf_real nissan was one of only two japanese companies to report higher sales for march
m03_423c0205_str_real the other was mitsubishi motors corporation's u. s. sales operation
m03_423c0206_bus_real both companies offered dealers cash incentives during the month nissan on three of its best selling cars and mitsubishi on all but one of its passenger cars
m03_423c0207_ped_real representatives for the two importers said the programs have ended and new incentives haven't been announced
m03_423c0208_caf_real people don't vote primarily on the basis of issues he says
m03_423c0209_caf_real they vote on a sense of leadership
m03_423c020a_ped_real they want independence someone who has a sense of direction and purpose and who identifies with them
m03_423c020b_bus_real my position on contra aid isn't something that's going to lose an election
m03_423c020c_ped_real prior to the filing the company said it had been attempting to settle its debt with the creditors and to gain additional bank financing to continue going operations
m03_423c020d_str_real all settlement talks ceased after the filing
m03_423c020e_ped_real the company said it hasn't been able to obtain the bank financing for the continuing operations
m03_423c020f_bus_real the company has thirty four toy stores throughout the midwest and southeast that are still open
m03_423c020g_str_real the latest government figures though show the producer price index fell zero point two percent last month
m03_423c020h_caf_real after excluding food and energy prices which are volatile prices rose zero point three percent last month
m03_423c020i_caf_real separately the government said retail sales climbed zero point six percent in february
m03_423c020j_caf_real excluding autos sales increased zero point three percent
m03_423c020k_caf_real l. t. v. will present the plan to all the members of its bank and creditor committees next week
m03_423c020l_str_real but the plan won't be filed with the bankruptcy court until the creditors and l. t. v. agree on how the debt will be paid
m03_423c020m_str_real that could take years
m03_423c020n_ped_real the price for the citicorp unit was about one hundred million dollars the sources add in line with earlier estimates
m03_423c020o_caf_real u. s. f. and g. had no comment
m03_423c020p_ped_real citicorp said an accord hasn't at this moment been signed
m03_423c020q_caf_real sources say at least two bidders had some doubts about citicorp's performance numbers
m03_423c020u_str_real the minutes note that the value of the dollar on foreign exchange markets could affect the timing of policy changes
m03_423c020v_ped_real tighter credit conditions mean higher interest rates
m03_423c020w_ped_real and higher interest rates attract foreign investors pushing up the dollar
m03_423c020x_caf_real manufacturers national corporation raised the quarterly dividend on its common stock to forty six cents
m03_423c020y_caf_real the new dividend is a fifteen percent increase from the previous forty cent distribution and is payable september thirtieth to stock of record august thirty first
m03_423c020z_ped_real our earnings are good and we want the payout rate to increase over time a spokeswoman for the detroit bank holding company said
m03_423c0210_ped_real the dividend was last raised in october nineteen eighty seven by four cents
m03_423c0211_bus_real it's what he doesn't say that has riled one fund investor
m03_423c0212_caf_real the report it seems fails to mention anything about new york's credit conditions or factors tied to that market
m03_423c0213_str_real it does talk about the general municipal bond market though
m03_423c0214_ped_real the finance ministry is considering doing away with a rule that requires investors who intend to acquire controlling stakes in japanese companies to report directly to the finance ministry
m03_423c0215_ped_real instead securities firms may be required to make filings of large share purchases made on behalf of clients
m03_423c0216_caf_real such a rule change effectively would remove one technicality that could slow a takeover attempt
m04_050c0101_bus_real last month overall goods producing employment fell sixty eight thousand after a thirty two thousand job rise in february
m04_050c0104_str_real mining employment which includes the oil and gas extraction industry rose three thousand after a one thousand job rise
m04_050c0107_ped_real the parent company added that it may seek other business opportunities subject to the availability of financing which may not be available
m04_050c0108_ped_real u. s. car sales fell ten point one percent in early november from a year ago
m04_050c0109_str_real though there was little evidence the stock market plunge had affected sales the outlook remains uncertain
m04_050c010a_ped_real chrysler reduced some prices on friday
m04_050c010b_ped_real l. t. v. the nation's number two steelmaker said the sale is among a number of options under study for the plant
m04_050c010c_caf_real others include a joint venture with another company or an employee buy out
m04_050c010d_str_real l. t. v. said it retained shearson lehman brothers incorporated to help with the study
m04_050c010e_ped_real auto sales rose two point four percent in december after declining zero point seven percent in november
m04_050c010f_ped_real furniture sales fell zero point five percent after rising zero point two percent
m04_050c010g_caf_real sales of building materials increased one point three percent after a one point one percent drop
m04_050c010h_str_real overall sales of durable goods intended to last three years or more climbed one point seven percent after a zero point two percent rise in november
m04_050c010k_caf_real most european traders were reportedly staying out of action until the trade figures are released
m04_050c010l_caf_real the bell companies are hoping electronic mail and voice mail will become a major revenue source
m04_050c010m_str_real link resources corporation estimates the electronic mail market at about two hundred ninety six million dollars a year and voice mail at about seventy six million dollars
m04_050c010n_str_real industry analysts expect the market to double when it becomes available to residential customers
m04_050c010o_caf_real superior industries international fell three and one quarter to fifteen and one half
m04_050c010p_caf_real the company said it ended talks on a possible business combination
m04_050c010q_bus_real it didn't elaborate
m04_050c010r_caf_real the management committee's plan for the new governing body can take effect if approved by seventy five percent of the exchange's members
m04_050c010s_ped_real a membership meeting has been called for july twentieth to vote on it
m04_050c010t_bus_real because most members are individual brokers the committee could have some difficulty winning approval
m04_050c010u_caf_real in january the beaverton oregon toy maker disclosed talks concerning its possible takeover by a third party who proposed a friendly transaction
m04_050c010v_bus_real but the discussions subsequently ended because the two sides couldn't agree on financial and other terms
m04_050c010w_caf_real at the time the company said it would explore other options
m04_050c010x_ped_real the third party wasn't identified
m04_050c010y_str_real moreover b. c. c. i. officials and industry analysts stressed that as much as seventy five percent of the bank's deposit base is made up of retail deposits
m04_050c010z_ped_real these generally react much less than large depositors to reports of a scandal
m04_050c0110_ped_real in addition the bank has always pursued a policy of keeping its balance sheet relatively liquid insiders and competitors said
m04_050c0111_str_real yet when we discuss social policy we talk as if money the poverty rate was all that matters
m04_050c0112_caf_real it is the generic stand in for the social problems of our age mr. murray writes
m04_050c0113_bus_real solve the riddle of poverty we have often seemed to hope and the rest of our problems will solve themselves
m04_050c0114_str_real it just felt it was appropriate time to pursue business ideas of my own mr. saunders said
m04_050c0116_caf_real i prefer not to say anything more than that
m04_051c0102_ped_real at least in the u. s. they were
m04_051c0105_caf_real in the bond market prices of some long term treasury issues fell to their lowest levels in about three months
m04_051c0106_str_real actively traded thirty year bonds dropped about a point or around ten dollars for each one thousand dollar face amount
m04_051c0107_ped_real corporate and municipal bond prices also slumped
m04_051c0108_str_real this is the second consecutive quarter in which the dividend was reduced
m04_051c0109_str_real in november it was cut to seventeen point five cents from twenty two point five cents
m04_051c010a_caf_real the new dividend is payable march sixth to stock of record february nineteenth
m04_051c010b_ped_real the november drop brought the index to one hundred ninety point two percent of its nineteen sixty seven average from one hundred ninety three point five percent in october
m04_051c010c_ped_real the october rise was initially reported as a zero point two percent drop
m04_051c010d_ped_real in yesterday's release the department also revised the september performance to a zero point two percent rise after previously reporting it as unchanged
m04_051c010e_str_real for the korean economy he favors free trade
m04_051c010f_ped_real i think we have to open our markets
m04_051c010g_str_real he adds that more effort should be made to realize a fair distribution of income but he is short on specifics
m04_051c010h_caf_real the policy needed for this will be further developed
m04_051c010i_ped_real yesterday's action didn't affect a fourth l. t. v. plan the pension agency took over in september nineteen eighty six
m04_051c010j_ped_real when the federal pension insurer stepped in this fund had just seven thousand seven hundred dollars in it to meet two hundred thirty million dollars in obligations
m04_051c010k_caf_real the three other pension plans had more than one billion dollars of assets though even larger liabilities
m04_051c010l_str_real the agreement calls for f. e. a. a closely held investment group to offer remaining holders twelve dollars a share
m04_051c010m_bus_real the proposed per share price includes ten dollars cash and two dollars of unspecified securities
m04_051c010n_bus_real in american stock exchange composite trading yesterday sun city closed at ten dollars and fifty cents a share up one point eight seven five dollars
m04_051c010o_str_real mr. fickling started the company in nineteen sixty nine with eight general hospitals and nursing homes along with a small construction operation
m04_051c010p_ped_real he and his family own about twenty nine percent of the company's class a common shares and about ninety one point five percent of the class b. common
m04_051c010q_ped_real that gives him voting control over seventy five percent of the company's common
m04_051c010r_caf_real the economic planning board which announced the measures said the government's goal is to hold inflation below five percent this year
m04_051c010s_bus_real consumer prices rose one point six percent in february the highest monthly increase since mid nineteen eighty one
m04_051c010t_caf_real in the previous four years annual increases were well below three percent
m04_051c010u_ped_real prices of municipal bonds gained as much as three eighths points
m04_051c010v_str_real although the foreign exchange market rarely has much impact on tax exempt securities traders said the dollar's late rally yesterday helped buoy municipal prices
m04_051c010w_caf_real in futures trading municipal bonds for june delivery rose six thirty seconds to eight thousand five hundred twenty seven
m04_051c010x_ped_real the all ordinaries index which fell eleven point three tuesday slipped on point five to one thousand four hundred forty three point two
m04_051c010y_caf_real brokers said some foreign investors sold stocks to realize currency gains on the recent rise of the australian dollar
m04_051c010z_ped_real the currency was quoted late in the day in sydney at seventy seven point oh nine u. s. cents
m04_051c0110_str_real we look for higher than standard returns mr. sperling says
m04_051c0111_caf_real in today's market they are almost never available
m04_051c0112_str_real there are too many foreign and institutional players willing to pay higher prices than we are
m04_052c0101_ped_real the need for economy has also held to a handful the expensive but all important longitudinal surveys that follow a group of people over many years
m04_052c0102_caf_real for example the government would like to know more about the way elderly people move from independent living to community care to perhaps a nursing home or hospital
m04_052c0103_str_real with such knowledge planners could better determine whether more community care facilities could reduce the need for nursing homes or hospitals
m04_052c0104_bus_real sterling drug incorporated increased the quarterly dividend fifteen percent to thirty eight cents a share from thirty three cents
m04_052c0105_ped_real the new york pharmaceutical and consumer products concern said the rate reflects the board's confidence in the continuing strength and growth of the business
m04_052c0106_ped_real the dividend is payable june first to stock of record may seventeenth
m04_052c0107_bus_real regional banks appear willing to accept big losses under the mexican debt plan putting pressure on big banks
m04_052c010a_caf_real dayton hudson said mr. sells would have an important equity position in the company he is joining
m04_052c010b_ped_real mr. sells who wasn't available for comment said in a prepared statement i've always wanted to run my own company
m04_052c010c_caf_real now i get to do it and i'm very excited
m04_052c010d_ped_real of the total face amount outstanding of twelve western union debt series eighteen point six percent had been tendered as of thursday
m04_052c010e_str_real the swap offer requires at least eighty percent of the total be tendered
m04_052c010f_caf_real western union said it may again extend its deadline
m04_052c010g_bus_real the nikkei index of two hundred twenty five selected issues edged up twelve point four three points to close at twenty five thousand six hundred seventeen point eight two
m04_052c010h_bus_real the tokyo stock exchange's first section index fell one point seven eight points to close at two thousand one hundred two point five five
m04_052c010i_ped_real first section volume was estimated at a heavy one point six billion shares up from one point three billion shares wednesday
m04_052c010m_caf_real in the electrical sector siemens recovered some of the loss it had tuesday when it reported a nine percent decline in first half group profit
m04_052c010n_bus_real the stock firmed four point seven oh to three hundred thirty seven point five oh
m04_052c010o_ped_real a. e. g. climbed two point four oh to two hundred ten point four oh
m04_052c010p_str_real last november alfred a. knopf incorporated the book publisher named ms. amsterdam a senior editor
m04_052c010q_str_real she also has worked at new york magazine another weekly city publication and the washington post
m04_052c010r_ped_real ms. amsterdam declined to comment
m04_052c010s_caf_real in a minute the deal is closed
m04_052c010t_ped_real mr. barrett said he paid one hundred seventy five thousand dollars for the rolls only six months ago
m04_052c010u_bus_real he expects the japanese agent to sell it for two hundred seventy five thousand dollars
m04_052c010v_ped_real the forest products concern said the workers at the affected plants returned to work yesterday ending a two month strike
m04_052c010w_bus_real the company said the western council of industrial workers ratified economic terms of the new three year agreement on friday
m04_052c010x_str_real it said various local plant issues must still be resolved before the contract is concluded
m04_052c010y_str_real what is wrong with this picture
m04_052c010z_ped_real well to begin with mr. milken isn't running for office or for mr. congeniality
m04_052c0110_caf_real he is the head of the huge junk bond operation of drexel burnham lambert incorporated
m04_052c0111_bus_real and more than that he is a central figure in the securities industry's insider trading scandal
m04_052c0112_bus_real in a one hundred eighty four page civil complaint the securities and exchange commission last month accused the powerful financier of a catalog of securities law violations
m04_052c0113_caf_real he has been told by the justice department that before long he may be indicted on criminal charges
m04_052c0114_bus_real an f. b. i. report concluded that the number of violent crimes reported in the u. s. last year increased five point five percent from nineteen eighty seven
m04_052c0115_ped_real there were thirteen point nine million crimes reported in nineteen eighty eight
m04_052c0116_caf_real murders rose two point nine percent to twenty thousand six hundred seventy five in the period
m04_053c0101_ped_real the suit was filed under the false claims act which allows private citizens to sue on behalf of the government
m04_053c0102_caf_real under the law the justice department can elect to take over as plaintiff
m04_053c0103_bus_real a spokeswoman for the department said no such decision has been made yet
m04_053c0104_str_real in addition i. b. m.'s pricing strategy could hurt competitors
m04_053c0105_caf_real for example the company plans big discounts on the new one thousand six hundred ninety five dollar machine for schools a main apple market
m04_053c0106_caf_real one of the new p. c.s offers almost double the memory and slightly more storage for eleven percent less than the competing compaq machine
m04_053c0107_caf_real i. b. m. p. c.s traditionally are priced higher than rival brands which typically must undercut i. b. m. prices by fifteen percent
m04_053c0108_bus_real the task force report isn't all bad
m04_053c0109_str_real it does call for eliminating some government obstacles to the development of a healthy long term care insurance market
m04_053c010a_str_real and the idea of letting employers pre fund post retirement medical expenses is surely better than having government do it
m04_053c010b_ped_real actively traded thirty year treasury issues last week plunged about three points or about thirty dollars for each one thousand dollar face amount
m04_053c010c_caf_real prices were down every day but thursday when they rose only slightly
m04_053c010d_caf_real the yield on the latest thirty year treasury bonds surged to eight point eight three percent from eight point five six percent a week earlier
m04_053c010e_caf_real since the early nineteen eighties data general has tried to compete head on with international business machines corporation and digital equipment corporation for large customers
m04_053c010f_str_real in nineteen eighty four the company won several multimillion dollar accounts and sales and earnings soared
m04_053c010g_ped_real since then however results have been poor
m04_053c010h_ped_real per share earnings for the fiscal year fell about twenty one percent the company estimated reflecting on eighteen percent increase in average shares outstanding
m04_053c010i_ped_real the branford connecticut based company had stock offerings in nineteen eighty six and nineteen eighty seven to reduce debt
m04_053c010j_bus_real the company which makes motor vehicle replacement parts said sales exceeded one billion dollars for the fiscal year
m04_053c010k_caf_real in a statement r. l. r. said the brokerage unit generated substantially all of its revenue
m04_053c010k_str_real in a statement r. l. r. said the brokerage unit generated substantially all of its revenue
m04_053c010l_bus_real it said it is negotiating the sale of certain assets of the brokerage unit
m04_053c010l_ped_real it said it is negotiating the sale of certain assets of the brokerage unit
m04_053c010m_ped_real the parent company added that it may seek other business opportunities subject to the availability of financing which may not be available
m04_053c010n_str_real stock and bond prices fell friday amid concern about lack of progress in the budget talks
m04_053c010o_bus_real the dow jones industrials dropped twenty five point two oh to one thousand nine hundred thirty five point oh one
m04_053c010p_str_real the dollar was little changed
m04_053c010q_ped_real that assessment is probably even more appropriate now market analysts say
m04_053c010r_bus_real one of the few areas of strong growth earlier in nineteen eighty seven was the new issue market for international equities and equity related bonds
m04_053c010s_str_real such activity has all but ended since stock prices plunged the analysts say
m04_053c010t_bus_real institutional investors fueled the rise by shifting assets to the funds in response to declining rates available on short term securities in the market
m04_053c010u_str_real also individual investors' concern over volatility in financial markets may have contributed to the increase she said
m04_053c010v_str_real last friday the dow jones industrial average posted its third biggest point decline ever
m04_053c010w_str_real the financial times thirty share index closed off seven point four points at one thousand four hundred thirty point seven
m04_053c010x_ped_real volume was a moderate four hundred fifty four point seven million shares picking up slightly from wednesday's four hundred twenty seven point four million shares
m04_053c010y_caf_real the one hundred share index was off five point two points at one thousand seven hundred eighty nine point five
m04_053c010z_caf_real job security clauses give unions something positive to take back to their members at modest cost to employers
m04_053c0110_bus_real but they can look more generous than they are
m04_053c0111_str_real auto contracts provide for job security but because they limit the funds available for it they haven't prevented sizable layoffs
m04_053c0112_caf_real we could distribute the bonds in japan in europe in the u. k. but not in the u. s. mr. labrecque said
m04_22gc0101_bus_real robins said mr. wolf forty three years old is leaving after thirteen years with the company for a position with a texas health care concern
m04_22gc0102_ped_real mr. wolf said the new job will be primarily business oriented
m04_22gc0103_str_real mr. wolf declined to name his new employer
m04_22gc0104_caf_real the chief trader in new york for a tokyo based bank agrees
m04_22gc0105_ped_real even if japanese investors don't sell dollars somebody else will he says
m04_22gc0107_caf_real congress and the administration have begun to take the right steps to improve the credit budget
m04_22gc0108_ped_real a pilot loan sale program approved last year would provide a virtually risk free test of this approach
m04_22gc0109_ped_real initial wall street enthusiasm surprised even privatization advocates
m04_22gc010a_caf_real the first sales are expected to go to market sometime this summer
m04_22gc010b_ped_real the offering will comprise seven hundred sixty seven million dollars of bonds due november second and six hundred thirty eight million dollars of bonds maturing next february first
m04_22gc010c_bus_real all the bonds will be dated next monday
m04_22gc010d_str_real interest rates will be announced wednesday
m04_22gc010e_str_real the central banks have little chance to protect themselves from the dollar's fall
m04_22gc010f_bus_real when possible they try to reduce their u. s. currency portfolios by selling dollars back into calmer markets
m04_22gc010g_bus_real traders say the bundesbank did this when the dollar strengthened in late july and early august
m04_22gc010h_bus_real the boston property was fully occupied a broker close to the building said
m04_22gc010i_str_real it was a done deal
m04_22gc010j_bus_real all of a sudden they came back and said we aren't buying at this yield
m04_22gc010k_ped_real i said give me a price and they said no
m04_22gc010l_caf_real recognition said it recognized the u. s. business into three units sales and service federal government sales and sales development and special products
m04_22gc010l_str_real recognition said it reorganized its u. s. business into three units sales and service federal government sales and sales development and special products
m04_22gc010m_caf_real the company said the three groups will operate as a unit
m04_22gc010m_ped_real the company said the three groups will operate as a unit
m04_22gc010n_bus_real it said it put three key executives in charge of the groups to focus efforts on increasing sales productivity in the u. s.
m04_22gc010n_str_real it said it put three key executives in charge of the groups to focus efforts on increasing sales productivity in the u. s.
m04_22gc010o_bus_real there are two issues to consider
m04_22gc010p_ped_real first what was admiral poindexter's belief about the president's policy of helping the nicaraguan democratic resistance
m04_22gc010q_bus_real second did admiral poindexter believe what he and colonel north were doing was legal
m04_22gc010r_bus_real certain prices have risen at a brisk pace throughout this decade
m04_22gc010s_ped_real health care inflation for instance hasn't dropped below six percent annually and the cost of education has risen even faster
m04_22gc010t_bus_real but until recently inflation in health education and other services was offset by flat or falling prices for many manufactured goods and farm commodities
m04_22gc010u_bus_real the decline in the dollar and the continued strength in the economy however are now adding demand and causing those prices to rise too
m04_22gc010v_bus_real the logic apparently is that we'll have to raise our rates to defend the dollar said peter canelo a portfolio strategist at bear stearns
m04_22gc010w_str_real but he said that would only be true if the dollar were weak
m04_22gc010x_caf_real since the u. s. currency has strengthened sharply in recent weeks he sees no need for the federal reserve to raise interest rates to protect the dollar
m04_22gc010y_caf_real many institutional players confess to holding more cash than usual
m04_22gc010y_ped_real many institutional players confess to holding more cash than usual
m04_22gc010z_ped_real in the bull market of nineteen eighty six to eighty seven cash positions exceeding five percent of assets would have held down overall returns
m04_22gc010z_str_real in the bull market of nineteen eighty six to eighty seven cash positions exceeding five percent of assets would have held down overall returns
m04_22gc0110_bus_real now many institutions say their cash levels are ten percent or more and a few are at thirty percent or more
m04_22gc0110_ped_real now many institutions say their cash levels are ten percent or more and a few are at thirty percent or more
m04_22gc0111_caf_real yields on long term bonds after dropping as low as seven point eight three percent early last week are back up above eight percent
m04_22gc0112_bus_real the discount rate on the three month treasury bill fell as low as seven point six four percent but was quoted late friday at seven point eight six percent
m04_22gc0113_ped_real rates are expected to remain at those levels or move a little higher this week at the treasury department's quarterly action
m04_22gc0114_bus_real the government is expected to sell about twenty nine point five billion dollars of new notes and bonds starting tomorrow
m04_22hc0101_bus_real centerior energy corporation cleveland said it began a public offering of four million common shares at twenty three point one two five dollars a share
m04_22hc0102_bus_real morgan stanley and company is lead underwriter
m04_22hc0103_ped_real proceeds will be used to finance the electric utility's construction program and for general purposes
m04_22hc0104_bus_real in new york stock exchange composite trading friday the company's stock closed at twenty three point one two five dollars unchanged
m04_22hc0105_caf_real the following officers directors and large stockholders of companies reported changes in holdings under the securities exchange act of nineteen thirty four
m04_22hc0106_caf_real those identified as beneficial owners hold at least ten percent of a company's equity securities
m04_22hc0107_caf_real unless otherwise noted changes involved direct holdings of common stock and took place in october and november of nineteen eighty seven
m04_22hc0108_str_real companies are listed where transactions generally aggregate ten thousand shares or one hundred thousand dollars
m04_22hc0109_str_real the panel made several other recommendations concerning program trading including consolidating regulatory authority over all u. s. financial markets under one government agency
m04_22hc010a_ped_real it also proposed raising margin and capital requirements for trading on futures exchanges
m04_22hc010b_ped_real and it said traders should be able to deliver actual stocks to settle futures contract obligations stock index futures currently are settled in cash upon expiration
m04_22hc010f_ped_real consumer spending surged zero point seven percent in june led by a jump in auto sales
m04_22hc010g_bus_real despite the unexpected strength economists say spending will slow soon due to sluggish income growth rising prices and high consumer debt
m04_22hc010h_caf_real income rose zero point four percent last month
m04_22hc010i_ped_real as previously reported thompson has a tender offer outstanding to buy thirty one point five million southland common shares for seventy seven dollars a share
m04_22hc010j_ped_real the offer expires friday
m04_22hc010k_ped_real common shares that aren't purchased will be exchanged for the combination of new preferred and cash
m04_22hc010l_str_real the five permanent members are the u. s. britain france china and the soviet union
m04_22hc010m_caf_real u. s. analysts aren't certain whether the soviets and china will support the embargo resolution
m04_22hc010n_str_real china has been a principal arms supplier for iran
m04_22hc010o_bus_real robert farrell director of technical analysis at merrill lynch takes dow theory into consideration when studying the market but it's not his sole forecasting tool
m04_22hc010p_caf_real he points out that since the october nineteenth plunge the dow jones transportation average has dropped below the low it posted during the crash
m04_22hc010q_caf_real it has since rebounded to seven hundred forty five point five seven where it closed friday losing four point five seven points in the session
m04_22hc010r_str_real he began fearing a possible dividend cut
m04_22hc010s_bus_real the stock price sank
m04_22hc010t_str_real worst of all he says somebody might have bought the company with the intention of breaking it up
m04_22hc010u_str_real the nikkei index added eighty point oh six points to finish at twenty eight thousand two hundred nine point four two
m04_22hc010v_caf_real volume rose to an estimated one billion shares from an estimated seven hundred fifty million shares on thursday
m04_22hc010w_caf_real there were four hundred eighty two declining issues three hundred forty nine advancing and one hundred ninety eight unchanged
m04_22hc010x_caf_real we could distribute the bonds in japan in europe in the u. k. but not in the u. s. mr. labrecque said
m04_22hc010y_bus_real these powers are important to us
m04_22hc010y_str_real these powers are important to us
m04_22hc010z_caf_real our customers want them
m04_22hc010z_ped_real our customers want them
m04_22hc0110_ped_real the question is whether u. s. banks will be allowed to compete
m04_22hc0110_str_real the question is whether u. s. banks will be allowed to compete
m04_22hc0111_caf_real that's not to say he is looking for a rebound in the next couple of weeks or even months
m04_22hc0112_str_real the thing that motivates wall street is short term earnings results and they're just not there he says
m04_22hc0113_bus_real and we can't tell you when they're going to be there
m04_22hc0114_str_real it might be a year or more before we get paid
m04_420c0201_ped_real few observers are optimistic about the court's other problems
m04_420c0202_bus_real according to the administrative offices of the u. s. courts only half of the fifty bankruptcy judges whose terms expire by nineteen eighty eight will return
m04_420c0203_bus_real the agency also predicts that the number of bankruptcy filings will rise seventeen percent in the year ending september thirtieth nineteen eighty seven
m04_420c0204_bus_real expenses from the delayed nine mile point two nuclear plant accounted for two hundred sixty nine million dollars of the write off
m04_420c0205_ped_real regulators aren't allowing the utility an eighteen percent owner in the project to pass that along to customers
m04_420c0206_str_real the four other utility company owners will also have to take write offs
m04_420c0207_ped_real but those charges aren't required to be made until the nineteen eighty eight first quarter or under certain circumstances even later
m04_420c0208_bus_real last month overall goods producing employment fell sixty eight thousand after a thirty two thousand job rise in february
m04_420c0209_ped_real the department said the decline in factory jobs was concentrated in motor vehicles and electrical and electronic equipment
m04_420c0209_str_real the department said the decline in factory jobs was concentrated in motor vehicles and electrical and electronic equipment
m04_420c020a_caf_real construction employment fell forty seven thousand after a fifteen thousand job decline the month before
m04_420c020a_ped_real construction employment fell forty seven thousand after a fifteen thousand job decline the month before
m04_420c020b_str_real mining employment which includes the oil and gas extraction industry rose three thousand after a one thousand job rise
m04_420c020c_str_real international mobile machines corporation sold one million shares of two dollar and fifty cent cumulative preferred at twenty five dollars each
m04_420c020d_caf_real drexel burnham lambert incorporated was lead underwriter
m04_420c020e_str_real the stock is convertible at any time into common at an initial price of twelve dollars a share subject to adjustment december fifteenth nineteen eighty eight
m04_420c020f_caf_real proceeds will be used for product development working capital and general purposes
m04_420c020g_bus_real the philadelphia based concern develops and designs advanced telecommunications systems
m04_420c020h_bus_real in over the counter trading friday the company's common closed at ten dollars and twenty five cents a share down fifty cents
m04_420c020i_ped_real stock prices also were mixed in paris zurich and stockholm
m04_420c020i_str_real stock prices also were mixed in paris zurich and stockholm
m04_420c020j_bus_real stocks rose in amsterdam and were lower in brussels and milan
m04_420c020j_caf_real stocks rose in amsterdam and were lower in brussels and milan
m04_420c020k_caf_real most european traders were reportedly staying out of action until the trade figures are released
m04_420c020l_str_real a drop in oil prices could also provide some price relief as it did in nineteen eighty six
m04_420c020m_caf_real the recent failure of the organization of petroleum exporting countries to reach an agreement limiting production suggests prices might fall some
m04_420c020n_ped_real but any dip in inflation associated with oil prices is likely to be temporary
m04_420c020o_bus_real but some operators said n. b. c. may run into problems
m04_420c020p_str_real for one thing there is currently a shortage of channel capacity at many cable systems
m04_420c020q_ped_real also cable operators already are signing up for another proposed new cable network turner broadcasting system incorporated's t. n. t. scheduled for an october third launch
m04_420c020r_ped_real this time around wall street firms argued that program trading has its uses and is misunderstood
m04_420c020s_ped_real we believe program trading is important as a source of liquidity morgan stanley said
m04_420c020t_bus_real and a merrill lynch spokesman said all of his firm's program trading simply reflects requests from customers for such trading
m04_420c020u_caf_real the minneapolis minnesota based company said the offering will begin in september but it hasn't set a record date or price
m04_420c020v_ped_real a spokesman said the company expects to more than double its shares outstanding to about nineteen point two million from eight point two million as a result of the offering
m04_420c020w_str_real pattern processing makes machine vision system for the use in automated inspections
m04_420c020x_bus_real in over the counter trading friday it was quoted at twenty five cents a share bid
m04_420c020y_str_real this retailer said it offered for sale two hundred million dollars in notes due august first nineteen ninety six
m04_420c020z_str_real dean witter reynolds incorporated goldman sachs and company and morgan stanley and company are handling the sale
m04_420c0210_ped_real proceeds will be added to sears's general funds to reduce its short term borrowings
m04_420c0211_ped_real proceeds also may be used eventually to buy back common shares the company said
m04_420c0212_bus_real sears has approved the buy back of as many as forty million of its common shares outstanding
m04_420c0213_ped_real as of june thirtieth sears had three hundred forty five point eight million shares outstanding
m04_420c0214_bus_real the notes will bear interest at eight point five five percent payable february first and august first of each year beginning february first nineteen ninety
m04_421c0201_caf_real underwriters led by merrill lynch capital markets tentatively priced a proposed one hundred ninety six point seven million dollar offering of mortgage revenue bonds by the california housing finance agency
m04_421c0202_caf_real the offering includes zero coupon bonds called capital appreciation bonds
m04_421c0203_bus_real yields range from four point eight percent in nineteen ninety to seven point two percent on zero coupon bonds due in two thousand two
m04_421c0204_bus_real so clearly the advocates of sanctions were the foreign policy victors
m04_421c0204_ped_real so clearly the advocates of sanctions were the foreign policy victors
m04_421c0205_ped_real at least in the u. s. they were
m04_421c0206_bus_real what about in south africa itself
m04_421c0206_ped_real what about in south africa itself
m04_421c0207_caf_real that's another story
m04_421c0207_str_real that's another story
m04_421c0208_str_real few people predict a dividend cut at g. m. however
m04_421c0209_str_real one investment officer says mr. smith was asked last week what it would take to cut the dividend
m04_421c020a_ped_real it would take a new chairman the executive is said to have replied
m04_421c020b_bus_real separately shell oil company's net income rose twenty one percent
m04_421c020c_caf_real occidental petroleum corporation reported a twenty three percent profit jump though the company would have had a loss without a one time item
m04_421c020d_caf_real phillips petroleum corporation's profit meanwhile plunged sixty three percent amid weak natural gas prices
m04_421c020e_ped_real and pennzoil company's net income tumbled seventy one percent largely from a one time charge
m04_421c020f_bus_real stocks rebounded sharply pushing the dow jones industrials up a record seventy five point two three points to two thousand five hundred sixty eight point oh five
m04_421c020g_caf_real the rally fueled by a stronger dollar and bond market snapped a five day decline in which the industrials lost over one hundred twenty points
m04_421c020h_str_real the dollar rose zero point nine percent against the yen while some long term treasury bonds reached the highest level in a week
m04_421c020i_bus_real some local manufacturers have avoided the tight labor market by contracting work to factories in china
m04_421c020j_ped_real manufacturers also are urging the government to ease immigration rules so they can import workers from neighboring countries
m04_421c020k_caf_real and many companies are improving equipment
m04_421c020l_bus_real the government predicts spending for plant and machinery will grow twenty five percent this year up from nine point eight percent last year
m04_421c020m_ped_real the financial times thirty share index closed up seven point six points at one thousand three hundred ninety eight point seven
m04_421c020n_ped_real volume was a very modest three hundred fifty two point two million shares down from three hundred sixty six point four million shares a day earlier
m04_421c020o_caf_real the one hundred share index was up ten point oh points at one thousand seven hundred forty three point four at the close
m04_421c020p_bus_real all told amoco said it replaced one hundred thirty percent of the reserves that it produced last year recovering from a weak record in nineteen eighty six
m04_421c020q_str_real exxon corporation said earlier this week that it replaced one hundred fourteen percent of its oil and gas production in nineteen eighty seven
m04_421c020r_caf_real texaco incorporated which has had one of the worst records of the big integrated oil companies replaced seventy percent of its production last year
m04_421c020s_caf_real although that is up from forty six percent in nineteen eighty six texaco's production also fell last year
m04_421c020t_bus_real energy futures prices rose following an explosion at a major u. s. refining plant
m04_421c020u_caf_real stocks fell in nervous trading while bonds were narrowly mixed
m04_421c020v_bus_real the dollar strengthened
m04_421c020w_bus_real an issue of ten million common shares of bethlehem steel was priced at nineteen dollars a share through salomon brothers incorporated
m04_421c020x_caf_real the offering size was increased from the eight million shares originally planned
m04_421c020y_bus_real in new york stock exchange composite trading yesterday the company's stock rose sixty two point five cents to nineteen point six two five dollars
m04_421c0212_str_real critics say the federal approach is wrong from the start
m04_421c0213_ped_real the hospital industry is government funded
m04_421c0214_str_real it should be government regulated says doctor wolfe
m04_422c0201_str_real the n. a. s. d. released short interest figures for the first time november twenty fifth for all stocks carried on its nasdaq automated quotation system
m04_422c0202_bus_real investors use short interest figures to determine how much short selling is going on in individual stocks
m04_422c0203_bus_real a short sale is a sale of borrowed stock by investors expecting its price to drop
m04_422c0204_caf_real the investors expect to profit on the difference between the price realized in the sale and the cost of replacing the borrowed shares
m04_422c0205_caf_real the two financial services concerns said they previously agreed to end the agreement if the transaction wasn't completed by march twenty fourth nineteen eighty seven
m04_422c0206_bus_real spokesmen for both companies said they ended the negotiations because it appeared that the merger wouldn't be completed by that date
m04_422c0207_str_real frontier savings is based in las vegas
m04_422c0208_caf_real just before christmas she finally applied for welfare
m04_422c0209_ped_real but she insists i don't want to go on welfare
m04_422c020a_bus_real i'm a good worker
m04_422c020b_caf_real i want a job
m04_422c020c_caf_real the chief trader in new york for a tokyo based bank agrees
m04_422c020d_ped_real even if japanese investors don't sell dollars somebody else will he says
m04_422c020e_bus_real the trend is inevitable unless the government has authority over the whole world
m04_422c020e_caf_real the trend is inevitable unless the government has authority over the whole world
m04_422c020f_str_real everything is done mr. levy said yesterday
m04_422c020g_str_real what is important is we saved this company and are rebuilding it
m04_422c020h_str_real for its efforts drexel will get according to western union's proxy statement a twenty five point four million dollar fee
m04_422c020i_caf_real traders said the reason behind the first hour focus is the action in the dollar
m04_422c020i_str_real traders said the reason behind the first hour focus is the action in the dollar
m04_422c020j_caf_real the dollar is still the key said jack p. baker head of block trading at shearson lehman brothers incorporated new york
m04_422c020j_ped_real the dollar is still the key said jack p. baker head of block trading at shearson lehman brothers incorporated new york
m04_422c020k_ped_real yesterday the dollar eased slightly against most major foreign currencies cheering some stock market players with its irrelative stability
m04_422c020k_str_real yesterday the dollar eased slightly against most major foreign currencies cheering some stock market players with its relative stability
m04_422c020l_bus_real regional banks appear willing to accept big losses under the mexican debt plan putting pressure on big banks
m04_422c020m_caf_real also two banks boosted foreign loan loss reserves
m04_422c020m_str_real also two banks boosted foreign loan loss reserves
m04_422c020n_bus_real meanwhile mexico has done better than other big debtors in winning concessions
m04_422c020n_caf_real meanwhile mexico has done better than other big debtors in winning concessions
m04_422c020o_bus_real la z. boy's stock split is payable september fourteenth to stock of record on august nineteenth
m04_422c020p_caf_real the company said its quarterly cash dividend of forty cents a share will be paid before the split on september tenth to stock of record on august nineteenth
m04_422c020q_caf_real a company spokesman said that after the split the quarterly dividend will be reduced to ten cents a share continuing the current cash pay out rate
m04_422c020r_bus_real in composite trading on the new york stock exchange yesterday dun closed at fifty one dollars and fifty cents up one dollar and fifty cents
m04_422c020s_str_real in national over the counter trading information resources closed at twenty one dollars up two point one two five dollars
m04_422c020t_ped_real news of the f. t. c. announcement was made after the close of trading
m04_422c020u_str_real domestic cars accounted for seventy three point five percent of april auto sales while the import share grew one point five percent to twenty six point five percent
m04_422c020v_str_real g. m.'s share of the total car market fell to thirty five point six percent from thirty nine point two percent
m04_422c020w_ped_real its decline was apparently split by ford chrysler and honda motor company whose market shares each grew one point one percent
m04_422c020x_bus_real ford's share rose to twenty point eight percent chrysler's to eleven point four percent and honda's to ten point two percent
m04_422c020y_str_real dofasco hamilton ontario said about three point three million convertible preferred shares about eighty six percent of the total outstanding were tendered
m04_422c020z_ped_real all the shares tendered have an indicated value of about five hundred thirty eight point five million canadian dollars four hundred thirty eight million u. s. dollars
m04_422c0210_ped_real the offers for both classes of stock expired friday
m04_422c0211_str_real i just felt it was an appropriate time to pursue business ideas of my own mr. saunders said
m04_422c0212_bus_real i'm not going to retire but i'm unlikely to go to any large investment banking firm that rivals morgan stanley
m04_422c0212_str_real i'm not going to retire but i'm unlikely to go to any large investment banking firm that rivals morgan stanley
m04_422c0213_caf_real i prefer not to say anything more than that
m04_422c0214_caf_real what can the federal reserve do now
m04_422c0215_bus_real mr. greenspan appears to believe that the best course is to proceed with a cautious move toward ease and to hope for a soft landing
m04_422c0216_str_real sometime next year he said last week we'll know whether the fed's plan has been successful
m04_423c0201_bus_real for taxpayers the chief advantage of paying by their credit cards would be extra time to pay
m04_423c0202_ped_real payments charged as late as april fifteenth would meet the i. r. s. deadline
m04_423c0203_str_real but consumers generally would have another month until credit card bills came due and considerably more time if they were willing to pay interest
m04_423c0204_bus_real nissan was one of only two japanese companies to report higher sales for march
m04_423c0205_caf_real the other was mitsubishi motors corporation's u. s. sales operation
m04_423c0206_ped_real both companies offered dealers cash incentives during the month nissan on three of its best selling cars and mitsubishi on all but one of its passenger cars
m04_423c0207_str_real representatives for the two importers said the programs have ended and new incentives haven't been announced
m04_423c0208_bus_real people don't vote primarily on the basis of issues he says
m04_423c0209_bus_real they vote on a sense of leadership
m04_423c020a_str_real they want independence someone who has a sense of direction and purpose and who identifies with them
m04_423c020b_ped_real my position on contra aid isn't something that's going to lose an election
m04_423c020c_str_real prior to the filing the company said it had been attempting to settle its debt with the creditors and gain additional bank financing to continue going operations
m04_423c020d_caf_real all settlement talks ceased after the filing
m04_423c020e_str_real the company said it hasn't been able to obtain the bank financing for the continuing operations
m04_423c020f_ped_real the company has thirty four toy stores throughout the midwest and southeast that are still open
m04_423c020g_caf_real the latest government figures though show the producer price index fell zero point two percent last month
m04_423c020h_bus_real after excluding food and energy prices which are volatile prices rose zero point three percent last month
m04_423c020i_bus_real separately the government said retail sales climbed zero point six percent in february
m04_423c020j_bus_real excluding autos sales increased zero point three percent
m04_423c020k_bus_real l. t. v. will present the plan to all the members of its bank and creditor committees next week
m04_423c020l_caf_real but the plan won't be filed with the bankruptcy court until the creditors and l. t. v. agree on how the debt will be paid
m04_423c020m_caf_real that could take years
m04_423c020n_str_real the price for the citicorp unit was about one hundred million dollars the sources add in line with earlier estimates
m04_423c020o_bus_real u. s. f. and g. had no comment
m04_423c020p_str_real citicorp said an accord hasn't at this moment been signed
m04_423c020q_bus_real sources say at least two bidders had some doubts about citicorp's performance numbers
m04_423c020r_bus_real a citicorp portfolio manager says the unit's new owner could lose quite a few current managers
m04_423c020r_caf_real a citicorp portfolio manager says the unit's new owner could lose quite a few current managers
m04_423c020s_bus_real but he offered the opinion that robert wade the unit's chief and half a dozen other senior people will go with u. s. f. and g.
m04_423c020s_caf_real but he offered the opinion that robert wade the unit's chief and half a dozen other senior people will go with u. s. f. and g.
m04_423c020t_caf_real new owners sometimes offer attractive longer term contracts to senior people he said
m04_423c020t_str_real new owners sometimes offer attractive longer term contracts to senior people he said
m04_423c020u_caf_real the minutes note that the value of the dollar on foreign exchange markets could affect the timing of policy changes
m04_423c020v_str_real tighter credit conditions mean higher interest rates
m04_423c020w_str_real and higher interest rates attract foreign investors pushing up the dollar
m04_423c020x_bus_real manufacturers national corporation raised the quarterly dividend on its common stock to forty six cents
m04_423c020y_bus_real the new dividend is a fifteen percent increase from the previous forty cent distribution and is payable september thirtieth to stock of record august thirty first
m04_423c020z_str_real our earnings are good and we want the payout rate to increase over time a spokeswoman for the detroit bank holding company said
m04_423c0210_str_real the dividend was last raised in october nineteen eighty seven by four cents
m04_423c0211_ped_real it's what he doesn't say that has riled one fund investor
m04_423c0212_bus_real the report it seems fails to mention anything about new york's credit conditions or factors tied to that market
m04_423c0213_caf_real it does talk about the general municipal bond market though
m04_423c0214_str_real the finance ministry is considering doing away with a rule that requires investors who intend to acquire controlling stakes in japanese companies to report directly to the finance ministry
m04_423c0215_str_real instead securities firms may be required to make filings of large share purchases made on behalf of clients
m04_423c0216_bus_real such a rule change effectively would remove one technicality that could slow a takeover attempt
